
[7m[1m[36m RUN [39m[22m[27m [36mv0.34.6[39m [90mC:/Users/hagoo/Desktop/MainBranch/medspasync-frontend-master[39m

 [31m├ù[39m __tests__/404.test.js[2m > [22m404.html[2m > [22mexists in project root and matches index.html content
[31m   ΓåÆ expected '<!DOCTYPE html>\r\n<html lang="en">\rΓÇª' to be '<!DOCTYPE html>\r\n<html lang="en">\rΓÇª' // Object.is equality[39m
 [31m├ù[39m src/components/reconciliation/__tests__/TransactionUploader.test.jsx[2m > [22mTransactionUploader[2m > [22mshows error for invalid file type
[31m   ΓåÆ Cannot read properties of null (reading 'useState')[39m
 [31m├ù[39m src/components/reconciliation/__tests__/TransactionUploader.test.jsx[2m > [22mTransactionUploader[2m > [22mcalls onFilesUploaded with files
[31m   ΓåÆ Cannot read properties of null (reading 'useState')[39m
node.exe : [90mstderr[2m | 
src/components/reconciliation/__tests__/TransactionUploader.test.jsx[2m > 
[22m[2mTransactionUploader[2m > [22m[2mshows error for invalid file 
type[22m[39m
At C:\Program Files\nodejs\npx.ps1:29 char:3
+   & $NODE_EXE $NPX_CLI_JS $args
+   ~~~~~~~~~~~~~~~~~~~~~~~~~~~~~
    + CategoryInfo          : NotSpecified: ([90mstderr[2m... 
type[22m[39m:String) [], RemoteException
    + FullyQualifiedErrorId : NativeCommandError
 
Warning: Invalid hook call. Hooks can only be called inside of the body of a 
function component. This could happen for one of the following reasons:
1. You might have mismatching versions of React and the renderer (such as 
React DOM)
2. You might be breaking the Rules of Hooks
3. You might have more than one copy of React in the same app
See https://reactjs.org/link/invalid-hook-call for tips about how to debug and 
fix this problem.
Warning: Invalid hook call. Hooks can only be called inside of the body of a 
function component. This could happen for one of the following reasons:
1. You might have mismatching versions of React and the renderer (such as 
React DOM)
2. You might be breaking the Rules of Hooks
3. You might have more than one copy of React in the same app
See https://reactjs.org/link/invalid-hook-call for tips about how to debug and 
fix this problem.
Error: Uncaught [TypeError: Cannot read properties of null (reading 
'useState')]
    at reportException (C:\Users\hagoo\Desktop\MainBranch\medspasync-frontend-m
aster\node_modules\jsdom\lib\jsdom\living\helpers\runtime-script-errors.js:66:2
4)
    at innerInvokeEventListeners (C:\Users\hagoo\Desktop\MainBranch\medspasync-
frontend-master\node_modules\jsdom\lib\jsdom\living\events\EventTarget-impl.js:
353:9)
    at invokeEventListeners (C:\Users\hagoo\Desktop\MainBranch\medspasync-front
end-master\node_modules\jsdom\lib\jsdom\living\events\EventTarget-impl.js:286:3
)
    at HTMLUnknownElementImpl._dispatch (C:\Users\hagoo\Desktop\MainBranch\meds
pasync-frontend-master\node_modules\jsdom\lib\jsdom\living\events\EventTarget-i
mpl.js:233:9)
    at HTMLUnknownElementImpl.dispatchEvent (C:\Users\hagoo\Desktop\MainBranch\
medspasync-frontend-master\node_modules\jsdom\lib\jsdom\living\events\EventTarg
et-impl.js:104:17)
    at HTMLUnknownElement.dispatchEvent (C:\Users\hagoo\Desktop\MainBranch\meds
pasync-frontend-master\node_modules\jsdom\lib\jsdom\living\generated\EventTarge
t.js:241:34)
    at Object.invokeGuardedCallbackDev (C:\Users\hagoo\Desktop\MainBranch\node_
modules\react-dom\cjs\react-dom.development.js:4213:16)
    at invokeGuardedCallback (C:\Users\hagoo\Desktop\MainBranch\node_modules\re
act-dom\cjs\react-dom.development.js:4277:31)
    at beginWork$1 (C:\Users\hagoo\Desktop\MainBranch\node_modules\react-dom\cj
s\react-dom.development.js:27490:7)
    at performUnitOfWork (C:\Users\hagoo\Desktop\MainBranch\node_modules\react-
dom\cjs\react-dom.development.js:26599:12) TypeError: Cannot read properties 
of null (reading 'useState')
    at Proxy.useState [90m(C:\Users\hagoo\Desktop\MainBranch\medspasync-fronte
nd-master\[39mnode_modules\[4mreact[24m\cjs\react.development.js:1622:21[90
m)[39m
    at TransactionUploader [90m(C:\Users\hagoo\Desktop\MainBranch\medspasync-f
rontend-master\[39msrc\components\reconciliation\TransactionUploader.jsx:5:29
[90m)[39m
    at renderWithHooks (C:\Users\hagoo\Desktop\MainBranch\node_modules\[4mreac
t-dom[24m\cjs\react-dom.development.js:15486:18)
    at mountIndeterminateComponent (C:\Users\hagoo\Desktop\MainBranch\node_modu
les\[4mreact-dom[24m\cjs\react-dom.development.js:20103:13)
    at beginWork (C:\Users\hagoo\Desktop\MainBranch\node_modules\[4mreact-dom
[24m\cjs\react-dom.development.js:21626:16)
    at HTMLUnknownElement.callCallback (C:\Users\hagoo\Desktop\MainBranch\node_
modules\[4mreact-dom[24m\cjs\react-dom.development.js:4164:14)
    at HTMLUnknownElement.callTheUserObjectsOperation [90m(C:\Users\hagoo\Desk
top\MainBranch\medspasync-frontend-master\[39mnode_modules\[4mjsdom[24m\lib\
jsdom\living\generated\EventListener.js:26:30[90m)[39m
    at innerInvokeEventListeners [90m(C:\Users\hagoo\Desktop\MainBranch\medspa
sync-frontend-master\[39mnode_modules\[4mjsdom[24m\lib\jsdom\living\events\E
ventTarget-impl.js:350:25[90m)[39m
    at invokeEventListeners [90m(C:\Users\hagoo\Desktop\MainBranch\medspasync-
frontend-master\[39mnode_modules\[4mjsdom[24m\lib\jsdom\living\events\EventT
arget-impl.js:286:3[90m)[39m
    at HTMLUnknownElementImpl._dispatch [90m(C:\Users\hagoo\Desktop\MainBranch
\medspasync-frontend-master\[39mnode_modules\[4mjsdom[24m\lib\jsdom\living\e
vents\EventTarget-impl.js:233:9[90m)[39m
Warning: Invalid hook call. Hooks can only be called inside of the body of a 
function component. This could happen for one of the following reasons:
1. You might have mismatching versions of React and the renderer (such as 
React DOM)
2. You might be breaking the Rules of Hooks
3. You might have more than one copy of React in the same app
See https://reactjs.org/link/invalid-hook-call for tips about how to debug and 
fix this problem.
Warning: Invalid hook call. Hooks can only be called inside of the body of a 
function component. This could happen for one of the following reasons:
1. You might have mismatching versions of React and the renderer (such as 
React DOM)
2. You might be breaking the Rules of Hooks
3. You might have more than one copy of React in the same app
See https://reactjs.org/link/invalid-hook-call for tips about how to debug and 
fix this problem.
Error: Uncaught [TypeError: Cannot read properties of null (reading 
'useState')]
    at reportException (C:\Users\hagoo\Desktop\MainBranch\medspasync-frontend-m
aster\node_modules\jsdom\lib\jsdom\living\helpers\runtime-script-errors.js:66:2
4)
    at innerInvokeEventListeners (C:\Users\hagoo\Desktop\MainBranch\medspasync-
frontend-master\node_modules\jsdom\lib\jsdom\living\events\EventTarget-impl.js:
353:9)
    at invokeEventListeners (C:\Users\hagoo\Desktop\MainBranch\medspasync-front
end-master\node_modules\jsdom\lib\jsdom\living\events\EventTarget-impl.js:286:3
)
    at HTMLUnknownElementImpl._dispatch (C:\Users\hagoo\Desktop\MainBranch\meds
pasync-frontend-master\node_modules\jsdom\lib\jsdom\living\events\EventTarget-i
mpl.js:233:9)
    at HTMLUnknownElementImpl.dispatchEvent (C:\Users\hagoo\Desktop\MainBranch\
medspasync-frontend-master\node_modules\jsdom\lib\jsdom\living\events\EventTarg
et-impl.js:104:17)
    at HTMLUnknownElement.dispatchEvent (C:\Users\hagoo\Desktop\MainBranch\meds
pasync-frontend-master\node_modules\jsdom\lib\jsdom\living\generated\EventTarge
t.js:241:34)
    at Object.invokeGuardedCallbackDev (C:\Users\hagoo\Desktop\MainBranch\node_
modules\react-dom\cjs\react-dom.development.js:4213:16)
    at invokeGuardedCallback (C:\Users\hagoo\Desktop\MainBranch\node_modules\re
act-dom\cjs\react-dom.development.js:4277:31)
    at beginWork$1 (C:\Users\hagoo\Desktop\MainBranch\node_modules\react-dom\cj
s\react-dom.development.js:27490:7)
    at performUnitOfWork (C:\Users\hagoo\Desktop\MainBranch\node_modules\react-
dom\cjs\react-dom.development.js:26599:12) TypeError: Cannot read properties 
of null (reading 'useState')
    at Proxy.useState [90m(C:\Users\hagoo\Desktop\MainBranch\medspasync-fronte
nd-master\[39mnode_modules\[4mreact[24m\cjs\react.development.js:1622:21[90
m)[39m
    at TransactionUploader [90m(C:\Users\hagoo\Desktop\MainBranch\medspasync-f
rontend-master\[39msrc\components\reconciliation\TransactionUploader.jsx:5:29
[90m)[39m
    at renderWithHooks (C:\Users\hagoo\Desktop\MainBranch\node_modules\[4mreac
t-dom[24m\cjs\react-dom.development.js:15486:18)
    at mountIndeterminateComponent (C:\Users\hagoo\Desktop\MainBranch\node_modu
les\[4mreact-dom[24m\cjs\react-dom.development.js:20103:13)
    at beginWork (C:\Users\hagoo\Desktop\MainBranch\node_modules\[4mreact-dom
[24m\cjs\react-dom.development.js:21626:16)
    at HTMLUnknownElement.callCallback (C:\Users\hagoo\Desktop\MainBranch\node_
modules\[4mreact-dom[24m\cjs\react-dom.development.js:4164:14)
    at HTMLUnknownElement.callTheUserObjectsOperation [90m(C:\Users\hagoo\Desk
top\MainBranch\medspasync-frontend-master\[39mnode_modules\[4mjsdom[24m\lib\
jsdom\living\generated\EventListener.js:26:30[90m)[39m
    at innerInvokeEventListeners [90m(C:\Users\hagoo\Desktop\MainBranch\medspa
sync-frontend-master\[39mnode_modules\[4mjsdom[24m\lib\jsdom\living\events\E
ventTarget-impl.js:350:25[90m)[39m
    at invokeEventListeners [90m(C:\Users\hagoo\Desktop\MainBranch\medspasync-
frontend-master\[39mnode_modules\[4mjsdom[24m\lib\jsdom\living\events\EventT
arget-impl.js:286:3[90m)[39m
    at HTMLUnknownElementImpl._dispatch [90m(C:\Users\hagoo\Desktop\MainBranch
\medspasync-frontend-master\[39mnode_modules\[4mjsdom[24m\lib\jsdom\living\e
vents\EventTarget-impl.js:233:9[90m)[39m
The above error occurred in the <TransactionUploader> component:

    at TransactionUploader (C:\Users\hagoo\Desktop\MainBranch\medspasync-fronte
nd-master\src\components\reconciliation\TransactionUploader.jsx:7:32)

Consider adding an error boundary to your tree to customize error handling 
behavior.
Visit https://reactjs.org/link/error-boundaries to learn more about error 
boundaries.

[90mstderr[2m | 
src/components/reconciliation/__tests__/TransactionUploader.test.jsx[2m > 
[22m[2mTransactionUploader[2m > [22m[2mcalls onFilesUploaded with 
files[22m[39m
Warning: Invalid hook call. Hooks can only be called inside of the body of a 
function component. This could happen for one of the following reasons:
1. You might have mismatching versions of React and the renderer (such as 
React DOM)
2. You might be breaking the Rules of Hooks
3. You might have more than one copy of React in the same app
See https://reactjs.org/link/invalid-hook-call for tips about how to debug and 
fix this problem.
Warning: Invalid hook call. Hooks can only be called inside of the body of a 
function component. This could happen for one of the following reasons:
1. You might have mismatching versions of React and the renderer (such as 
React DOM)
2. You might be breaking the Rules of Hooks
3. You might have more than one copy of React in the same app
See https://reactjs.org/link/invalid-hook-call for tips about how to debug and 
fix this problem.
Error: Uncaught [TypeError: Cannot read properties of null (reading 
'useState')]
    at reportException (C:\Users\hagoo\Desktop\MainBranch\medspasync-frontend-m
aster\node_modules\jsdom\lib\jsdom\living\helpers\runtime-script-errors.js:66:2
4)
    at innerInvokeEventListeners (C:\Users\hagoo\Desktop\MainBranch\medspasync-
frontend-master\node_modules\jsdom\lib\jsdom\living\events\EventTarget-impl.js:
353:9)
    at invokeEventListeners (C:\Users\hagoo\Desktop\MainBranch\medspasync-front
end-master\node_modules\jsdom\lib\jsdom\living\events\EventTarget-impl.js:286:3
)
    at HTMLUnknownElementImpl._dispatch (C:\Users\hagoo\Desktop\MainBranch\meds
pasync-frontend-master\node_modules\jsdom\lib\jsdom\living\events\EventTarget-i
mpl.js:233:9)
    at HTMLUnknownElementImpl.dispatchEvent (C:\Users\hagoo\Desktop\MainBranch\
medspasync-frontend-master\node_modules\jsdom\lib\jsdom\living\events\EventTarg
et-impl.js:104:17)
    at HTMLUnknownElement.dispatchEvent (C:\Users\hagoo\Desktop\MainBranch\meds
pasync-frontend-master\node_modules\jsdom\lib\jsdom\living\generated\EventTarge
t.js:241:34)
    at Object.invokeGuardedCallbackDev (C:\Users\hagoo\Desktop\MainBranch\node_
modules\react-dom\cjs\react-dom.development.js:4213:16)
    at invokeGuardedCallback (C:\Users\hagoo\Desktop\MainBranch\node_modules\re
act-dom\cjs\react-dom.development.js:4277:31)
    at beginWork$1 (C:\Users\hagoo\Desktop\MainBranch\node_modules\react-dom\cj
s\react-dom.development.js:27490:7)
    at performUnitOfWork (C:\Users\hagoo\Desktop\MainBranch\node_modules\react-
dom\cjs\react-dom.development.js:26599:12) TypeError: Cannot read properties 
of null (reading 'useState')
    at Proxy.useState [90m(C:\Users\hagoo\Desktop\MainBranch\medspasync-fronte
nd-master\[39mnode_modules\[4mreact[24m\cjs\react.development.js:1622:21[90
m)[39m
    at TransactionUploader [90m(C:\Users\hagoo\Desktop\MainBranch\medspasync-f
rontend-master\[39msrc\components\reconciliation\TransactionUploader.jsx:5:29
[90m)[39m
    at renderWithHooks (C:\Users\hagoo\Desktop\MainBranch\node_modules\[4mreac
t-dom[24m\cjs\react-dom.development.js:15486:18)
    at mountIndeterminateComponent (C:\Users\hagoo\Desktop\MainBranch\node_modu
les\[4mreact-dom[24m\cjs\react-dom.development.js:20103:13)
    at beginWork (C:\Users\hagoo\Desktop\MainBranch\node_modules\[4mreact-dom
[24m\cjs\react-dom.development.js:21626:16)
    at HTMLUnknownElement.callCallback (C:\Users\hagoo\Desktop\MainBranch\node_
modules\[4mreact-dom[24m\cjs\react-dom.development.js:4164:14)
    at HTMLUnknownElement.callTheUserObjectsOperation [90m(C:\Users\hagoo\Desk
top\MainBranch\medspasync-frontend-master\[39mnode_modules\[4mjsdom[24m\lib\
jsdom\living\generated\EventListener.js:26:30[90m)[39m
    at innerInvokeEventListeners [90m(C:\Users\hagoo\Desktop\MainBranch\medspa
sync-frontend-master\[39mnode_modules\[4mjsdom[24m\lib\jsdom\living\events\E
ventTarget-impl.js:350:25[90m)[39m
    at invokeEventListeners [90m(C:\Users\hagoo\Desktop\MainBranch\medspasync-
frontend-master\[39mnode_modules\[4mjsdom[24m\lib\jsdom\living\events\EventT
arget-impl.js:286:3[90m)[39m
    at HTMLUnknownElementImpl._dispatch [90m(C:\Users\hagoo\Desktop\MainBranch
\medspasync-frontend-master\[39mnode_modules\[4mjsdom[24m\lib\jsdom\living\e
vents\EventTarget-impl.js:233:9[90m)[39m
Warning: Invalid hook call. Hooks can only be called inside of the body of a 
function component. This could happen for one of the following reasons:
1. You might have mismatching versions of React and the renderer (such as 
React DOM)
2. You might be breaking the Rules of Hooks
3. You might have more than one copy of React in the same app
See https://reactjs.org/link/invalid-hook-call for tips about how to debug and 
fix this problem.
Warning: Invalid hook call. Hooks can only be called inside of the body of a 
function component. This could happen for one of the following reasons:
1. You might have mismatching versions of React and the renderer (such as 
React DOM)
2. You might be breaking the Rules of Hooks
3. You might have more than one copy of React in the same app
See https://reactjs.org/link/invalid-hook-call for tips about how to debug and 
fix this problem.
Error: Uncaught [TypeError: Cannot read properties of null (reading 
'useState')]
    at reportException (C:\Users\hagoo\Desktop\MainBranch\medspasync-frontend-m
aster\node_modules\jsdom\lib\jsdom\living\helpers\runtime-script-errors.js:66:2
4)
    at innerInvokeEventListeners (C:\Users\hagoo\Desktop\MainBranch\medspasync-
frontend-master\node_modules\jsdom\lib\jsdom\living\events\EventTarget-impl.js:
353:9)
    at invokeEventListeners (C:\Users\hagoo\Desktop\MainBranch\medspasync-front
end-master\node_modules\jsdom\lib\jsdom\living\events\EventTarget-impl.js:286:3
)
    at HTMLUnknownElementImpl._dispatch (C:\Users\hagoo\Desktop\MainBranch\meds
pasync-frontend-master\node_modules\jsdom\lib\jsdom\living\events\EventTarget-i
mpl.js:233:9)
    at HTMLUnknownElementImpl.dispatchEvent (C:\Users\hagoo\Desktop\MainBranch\
medspasync-frontend-master\node_modules\jsdom\lib\jsdom\living\events\EventTarg
et-impl.js:104:17)
    at HTMLUnknownElement.dispatchEvent (C:\Users\hagoo\Desktop\MainBranch\meds
pasync-frontend-master\node_modules\jsdom\lib\jsdom\living\generated\EventTarge
t.js:241:34)
    at Object.invokeGuardedCallbackDev (C:\Users\hagoo\Desktop\MainBranch\node_
modules\react-dom\cjs\react-dom.development.js:4213:16)
    at invokeGuardedCallback (C:\Users\hagoo\Desktop\MainBranch\node_modules\re
act-dom\cjs\react-dom.development.js:4277:31)
    at beginWork$1 (C:\Users\hagoo\Desktop\MainBranch\node_modules\react-dom\cj
s\react-dom.development.js:27490:7)
    at performUnitOfWork (C:\Users\hagoo\Desktop\MainBranch\node_modules\react-
dom\cjs\react-dom.development.js:26599:12) TypeError: Cannot read properties 
of null (reading 'useState')
    at Proxy.useState [90m(C:\Users\hagoo\Desktop\MainBranch\medspasync-fronte
nd-master\[39mnode_modules\[4mreact[24m\cjs\react.development.js:1622:21[90
m)[39m
    at TransactionUploader [90m(C:\Users\hagoo\Desktop\MainBranch\medspasync-f
rontend-master\[39msrc\components\reconciliation\TransactionUploader.jsx:5:29
[90m)[39m
    at renderWithHooks (C:\Users\hagoo\Desktop\MainBranch\node_modules\[4mreac
t-dom[24m\cjs\react-dom.development.js:15486:18)
    at mountIndeterminateComponent (C:\Users\hagoo\Desktop\MainBranch\node_modu
les\[4mreact-dom[24m\cjs\react-dom.development.js:20103:13)
    at beginWork (C:\Users\hagoo\Desktop\MainBranch\node_modules\[4mreact-dom
[24m\cjs\react-dom.development.js:21626:16)
    at HTMLUnknownElement.callCallback (C:\Users\hagoo\Desktop\MainBranch\node_
modules\[4mreact-dom[24m\cjs\react-dom.development.js:4164:14)
    at HTMLUnknownElement.callTheUserObjectsOperation [90m(C:\Users\hagoo\Desk
top\MainBranch\medspasync-frontend-master\[39mnode_modules\[4mjsdom[24m\lib\
jsdom\living\generated\EventListener.js:26:30[90m)[39m
    at innerInvokeEventListeners [90m(C:\Users\hagoo\Desktop\MainBranch\medspa
sync-frontend-master\[39mnode_modules\[4mjsdom[24m\lib\jsdom\living\events\E
ventTarget-impl.js:350:25[90m)[39m
    at invokeEventListeners [90m(C:\Users\hagoo\Desktop\MainBranch\medspasync-
frontend-master\[39mnode_modules\[4mjsdom[24m\lib\jsdom\living\events\EventT
arget-impl.js:286:3[90m)[39m
    at HTMLUnknownElementImpl._dispatch [90m(C:\Users\hagoo\Desktop\MainBranch
\medspasync-frontend-master\[39mnode_modules\[4mjsdom[24m\lib\jsdom\living\e
vents\EventTarget-impl.js:233:9[90m)[39m
The above error occurred in the <TransactionUploader> component:

    at TransactionUploader (C:\Users\hagoo\Desktop\MainBranch\medspasync-fronte
nd-master\src\components\reconciliation\TransactionUploader.jsx:7:32)

Consider adding an error boundary to your tree to customize error handling 
behavior.
Visit https://reactjs.org/link/error-boundaries to learn more about error 
boundaries.

 [31m├ù[39m __tests__/CorrectionModal.test.jsx[2m > [22mCorrection feedback flow[2m > [22msubmits feedback and shows toast
[31m   ΓåÆ Cannot read properties of null (reading 'useState')[39m
[90mstderr[2m | __tests__/CorrectionModal.test.jsx[2m > [22m[2mCorrection 
feedback flow[2m > [22m[2msubmits feedback and shows toast[22m[39m
Warning: Invalid hook call. Hooks can only be called inside of the body of a 
function component. This could happen for one of the following reasons:
1. You might have mismatching versions of React and the renderer (such as 
React DOM)
2. You might be breaking the Rules of Hooks
3. You might have more than one copy of React in the same app
See https://reactjs.org/link/invalid-hook-call for tips about how to debug and 
fix this problem.
Warning: Invalid hook call. Hooks can only be called inside of the body of a 
function component. This could happen for one of the following reasons:
1. You might have mismatching versions of React and the renderer (such as 
React DOM)
2. You might be breaking the Rules of Hooks
3. You might have more than one copy of React in the same app
See https://reactjs.org/link/invalid-hook-call for tips about how to debug and 
fix this problem.
Error: Uncaught [TypeError: Cannot read properties of null (reading 
'useState')]
    at reportException (C:\Users\hagoo\Desktop\MainBranch\medspasync-frontend-m
aster\node_modules\jsdom\lib\jsdom\living\helpers\runtime-script-errors.js:66:2
4)
    at innerInvokeEventListeners (C:\Users\hagoo\Desktop\MainBranch\medspasync-
frontend-master\node_modules\jsdom\lib\jsdom\living\events\EventTarget-impl.js:
353:9)
    at invokeEventListeners (C:\Users\hagoo\Desktop\MainBranch\medspasync-front
end-master\node_modules\jsdom\lib\jsdom\living\events\EventTarget-impl.js:286:3
)
    at HTMLUnknownElementImpl._dispatch (C:\Users\hagoo\Desktop\MainBranch\meds
pasync-frontend-master\node_modules\jsdom\lib\jsdom\living\events\EventTarget-i
mpl.js:233:9)
    at HTMLUnknownElementImpl.dispatchEvent (C:\Users\hagoo\Desktop\MainBranch\
medspasync-frontend-master\node_modules\jsdom\lib\jsdom\living\events\EventTarg
et-impl.js:104:17)
    at HTMLUnknownElement.dispatchEvent (C:\Users\hagoo\Desktop\MainBranch\meds
pasync-frontend-master\node_modules\jsdom\lib\jsdom\living\generated\EventTarge
t.js:241:34)
    at Object.invokeGuardedCallbackDev (C:\Users\hagoo\Desktop\MainBranch\node_
modules\react-dom\cjs\react-dom.development.js:4213:16)
    at invokeGuardedCallback (C:\Users\hagoo\Desktop\MainBranch\node_modules\re
act-dom\cjs\react-dom.development.js:4277:31)
    at beginWork$1 (C:\Users\hagoo\Desktop\MainBranch\node_modules\react-dom\cj
s\react-dom.development.js:27490:7)
    at performUnitOfWork (C:\Users\hagoo\Desktop\MainBranch\node_modules\react-
dom\cjs\react-dom.development.js:26599:12) TypeError: Cannot read properties 
of null (reading 'useState')
    at Proxy.useState [90m(C:\Users\hagoo\Desktop\MainBranch\medspasync-fronte
nd-master\[39mnode_modules\[4mreact[24m\cjs\react.development.js:1622:21[90
m)[39m
    at CorrectionForm [90m(C:\Users\hagoo\Desktop\MainBranch\medspasync-fronte
nd-master\[39msrc\pages\ReconciliationAI\CorrectionForm.jsx:6:27[90m)[39m
    at renderWithHooks (C:\Users\hagoo\Desktop\MainBranch\node_modules\[4mreac
t-dom[24m\cjs\react-dom.development.js:15486:18)
    at mountIndeterminateComponent (C:\Users\hagoo\Desktop\MainBranch\node_modu
les\[4mreact-dom[24m\cjs\react-dom.development.js:20103:13)
    at beginWork (C:\Users\hagoo\Desktop\MainBranch\node_modules\[4mreact-dom
[24m\cjs\react-dom.development.js:21626:16)
    at HTMLUnknownElement.callCallback (C:\Users\hagoo\Desktop\MainBranch\node_
modules\[4mreact-dom[24m\cjs\react-dom.development.js:4164:14)
    at HTMLUnknownElement.callTheUserObjectsOperation [90m(C:\Users\hagoo\Desk
top\MainBranch\medspasync-frontend-master\[39mnode_modules\[4mjsdom[24m\lib\
jsdom\living\generated\EventListener.js:26:30[90m)[39m
    at innerInvokeEventListeners [90m(C:\Users\hagoo\Desktop\MainBranch\medspa
sync-frontend-master\[39mnode_modules\[4mjsdom[24m\lib\jsdom\living\events\E
ventTarget-impl.js:350:25[90m)[39m
    at invokeEventListeners [90m(C:\Users\hagoo\Desktop\MainBranch\medspasync-
frontend-master\[39mnode_modules\[4mjsdom[24m\lib\jsdom\living\events\EventT
arget-impl.js:286:3[90m)[39m
    at HTMLUnknownElementImpl._dispatch [90m(C:\Users\hagoo\Desktop\MainBranch
\medspasync-frontend-master\[39mnode_modules\[4mjsdom[24m\lib\jsdom\living\e
vents\EventTarget-impl.js:233:9[90m)[39m
Warning: Invalid hook call. Hooks can only be called inside of the body of a 
function component. This could happen for one of the following reasons:
1. You might have mismatching versions of React and the renderer (such as 
React DOM)
2. You might be breaking the Rules of Hooks
3. You might have more than one copy of React in the same app
See https://reactjs.org/link/invalid-hook-call for tips about how to debug and 
fix this problem.
Warning: Invalid hook call. Hooks can only be called inside of the body of a 
function component. This could happen for one of the following reasons:
1. You might have mismatching versions of React and the renderer (such as 
React DOM)
2. You might be breaking the Rules of Hooks
3. You might have more than one copy of React in the same app
See https://reactjs.org/link/invalid-hook-call for tips about how to debug and 
fix this problem.
Error: Uncaught [TypeError: Cannot read properties of null (reading 
'useState')]
    at reportException (C:\Users\hagoo\Desktop\MainBranch\medspasync-frontend-m
aster\node_modules\jsdom\lib\jsdom\living\helpers\runtime-script-errors.js:66:2
4)
    at innerInvokeEventListeners (C:\Users\hagoo\Desktop\MainBranch\medspasync-
frontend-master\node_modules\jsdom\lib\jsdom\living\events\EventTarget-impl.js:
353:9)
    at invokeEventListeners (C:\Users\hagoo\Desktop\MainBranch\medspasync-front
end-master\node_modules\jsdom\lib\jsdom\living\events\EventTarget-impl.js:286:3
)
    at HTMLUnknownElementImpl._dispatch (C:\Users\hagoo\Desktop\MainBranch\meds
pasync-frontend-master\node_modules\jsdom\lib\jsdom\living\events\EventTarget-i
mpl.js:233:9)
    at HTMLUnknownElementImpl.dispatchEvent (C:\Users\hagoo\Desktop\MainBranch\
medspasync-frontend-master\node_modules\jsdom\lib\jsdom\living\events\EventTarg
et-impl.js:104:17)
    at HTMLUnknownElement.dispatchEvent (C:\Users\hagoo\Desktop\MainBranch\meds
pasync-frontend-master\node_modules\jsdom\lib\jsdom\living\generated\EventTarge
t.js:241:34)
    at Object.invokeGuardedCallbackDev (C:\Users\hagoo\Desktop\MainBranch\node_
modules\react-dom\cjs\react-dom.development.js:4213:16)
    at invokeGuardedCallback (C:\Users\hagoo\Desktop\MainBranch\node_modules\re
act-dom\cjs\react-dom.development.js:4277:31)
    at beginWork$1 (C:\Users\hagoo\Desktop\MainBranch\node_modules\react-dom\cj
s\react-dom.development.js:27490:7)
    at performUnitOfWork (C:\Users\hagoo\Desktop\MainBranch\node_modules\react-
dom\cjs\react-dom.development.js:26599:12) TypeError: Cannot read properties 
of null (reading 'useState')
    at Proxy.useState [90m(C:\Users\hagoo\Desktop\MainBranch\medspasync-fronte
nd-master\[39mnode_modules\[4mreact[24m\cjs\react.development.js:1622:21[90
m)[39m
    at CorrectionForm [90m(C:\Users\hagoo\Desktop\MainBranch\medspasync-fronte
nd-master\[39msrc\pages\ReconciliationAI\CorrectionForm.jsx:6:27[90m)[39m
    at renderWithHooks (C:\Users\hagoo\Desktop\MainBranch\node_modules\[4mreac
t-dom[24m\cjs\react-dom.development.js:15486:18)
    at mountIndeterminateComponent (C:\Users\hagoo\Desktop\MainBranch\node_modu
les\[4mreact-dom[24m\cjs\react-dom.development.js:20103:13)
    at beginWork (C:\Users\hagoo\Desktop\MainBranch\node_modules\[4mreact-dom
[24m\cjs\react-dom.development.js:21626:16)
    at HTMLUnknownElement.callCallback (C:\Users\hagoo\Desktop\MainBranch\node_
modules\[4mreact-dom[24m\cjs\react-dom.development.js:4164:14)
    at HTMLUnknownElement.callTheUserObjectsOperation [90m(C:\Users\hagoo\Desk
top\MainBranch\medspasync-frontend-master\[39mnode_modules\[4mjsdom[24m\lib\
jsdom\living\generated\EventListener.js:26:30[90m)[39m
    at innerInvokeEventListeners [90m(C:\Users\hagoo\Desktop\MainBranch\medspa
sync-frontend-master\[39mnode_modules\[4mjsdom[24m\lib\jsdom\living\events\E
ventTarget-impl.js:350:25[90m)[39m
    at invokeEventListeners [90m(C:\Users\hagoo\Desktop\MainBranch\medspasync-
frontend-master\[39mnode_modules\[4mjsdom[24m\lib\jsdom\living\events\EventT
arget-impl.js:286:3[90m)[39m
    at HTMLUnknownElementImpl._dispatch [90m(C:\Users\hagoo\Desktop\MainBranch
\medspasync-frontend-master\[39mnode_modules\[4mjsdom[24m\lib\jsdom\living\e
vents\EventTarget-impl.js:233:9[90m)[39m
The above error occurred in the <CorrectionForm> component:

    at CorrectionForm (C:\Users\hagoo\Desktop\MainBranch\medspasync-frontend-ma
ster\src\pages\ReconciliationAI\CorrectionForm.jsx:9:27)

Consider adding an error boundary to your tree to customize error handling 
behavior.
Visit https://reactjs.org/link/error-boundaries to learn more about error 
boundaries.

 [32mΓ£ô[39m src/utils/__tests__/formatting.test.js[2m > [22mgenerateInitials[2m > [22mreturns initials from first and last name
 [32mΓ£ô[39m src/utils/__tests__/formatting.test.js[2m > [22mgenerateInitials[2m > [22mhandles missing last name
 [32mΓ£ô[39m src/utils/__tests__/formatting.test.js[2m > [22mgenerateInitials[2m > [22mhandles missing first name
 [32mΓ£ô[39m src/utils/__tests__/formatting.test.js[2m > [22mgenerateInitials[2m > [22mreturns ? when both names are missing
 [32mΓ£ô[39m src/utils/__tests__/formatting.test.js[2m > [22mformatCurrency[2m > [22mformats valid numbers as USD currency
 [32mΓ£ô[39m src/utils/__tests__/formatting.test.js[2m > [22mformatCurrency[2m > [22mreturns $0.00 for invalid input
 [32mΓ£ô[39m src/utils/__tests__/fileParser.test.js[2m > [22mparseTransactionFile[2m > [22mparses CSV and appends sourceSystem
 [32mΓ£ô[39m src/utils/__tests__/fileParser.test.js[2m > [22mparseTransactionFile[2m > [22mthrows error for non csv
 [32mΓ£ô[39m src/utils/__tests__/logger.test.js[2m > [22mlogger[2m > [22mlogs in development mode
 [32mΓ£ô[39m src/services/__tests__/reconciliationService.test.js[2m > [22mreconciliationService[2m > [22mprocesses reconciliation
 [32mΓ£ô[39m src/services/__tests__/reconciliationService.test.js[2m > [22mreconciliationService[2m > [22mgets results
 [32mΓ£ô[39m src/utils/__tests__/access.test.js[2m > [22msubscription access helpers[2m > [22mallows export for professional plan
 [32mΓ£ô[39m src/utils/__tests__/access.test.js[2m > [22msubscription access helpers[2m > [22mblocks export for core plan
 [32mΓ£ô[39m src/utils/__tests__/access.test.js[2m > [22msubscription access helpers[2m > [22mallows premium features only for professional plan

[31mΓÄ»ΓÄ»ΓÄ»ΓÄ»ΓÄ»ΓÄ»[1m[7m Failed Suites 4 
[27m[22mΓÄ»ΓÄ»ΓÄ»ΓÄ»ΓÄ»ΓÄ»ΓÄ»[39m

[31m[1m[7m FAIL [27m[22m[39m __tests__/AIContext.test.jsx [2m[ 
__tests__/AIContext.test.jsx ][22m
[31m[1mError[22m: Failed to resolve import "@tanstack/react-query" from 
"test\utils.jsx". Does the file exist?[39m
[90m [2mΓ¥»[22m formatError 
node_modules/vite/dist/node/chunks/dep-827b23df.js:[2m44066:46[22m[39m
[90m [2mΓ¥»[22m TransformContext.error 
node_modules/vite/dist/node/chunks/dep-827b23df.js:[2m44062:19[22m[39m
[90m [2mΓ¥»[22m normalizeUrl 
node_modules/vite/dist/node/chunks/dep-827b23df.js:[2m41845:33[22m[39m
[90m [2mΓ¥»[22m async file:/C:/Users/hagoo/Desktop/MainBranch/medspasync-fro
ntend-master/node_modules/vite/dist/node/chunks/dep-827b23df.js:[2m41999:47[2
2m[39m
[90m [2mΓ¥»[22m TransformContext.transform 
node_modules/vite/dist/node/chunks/dep-827b23df.js:[2m41915:13[22m[39m
[90m [2mΓ¥»[22m Object.transform 
node_modules/vite/dist/node/chunks/dep-827b23df.js:[2m44356:30[22m[39m
[90m [2mΓ¥»[22m loadAndTransform 
node_modules/vite/dist/node/chunks/dep-827b23df.js:[2m55088:29[22m[39m

[31m[2mΓÄ»ΓÄ»ΓÄ»ΓÄ»ΓÄ»ΓÄ»ΓÄ»ΓÄ»ΓÄ»ΓÄ»ΓÄ»ΓÄ»ΓÄ»ΓÄ»ΓÄ»ΓÄ»ΓÄ»ΓÄ»ΓÄ»ΓÄ»ΓÄ»ΓÄ»ΓÄ»Γ
Ä»[1/8]ΓÄ»[22m[39m

[31m[1m[7m FAIL [27m[22m[39m __tests__/ProtectedRoute.test.jsx [2m[ 
__tests__/ProtectedRoute.test.jsx ][22m
[31m[1mSyntaxError[22m: Unexpected token '<'[39m
[90m [2mΓ¥»[22m TracingChannel.traceSync 
node:diagnostics_channel:[2m322:14[22m[39m

[31m[2mΓÄ»ΓÄ»ΓÄ»ΓÄ»ΓÄ»ΓÄ»ΓÄ»ΓÄ»ΓÄ»ΓÄ»ΓÄ»ΓÄ»ΓÄ»ΓÄ»ΓÄ»ΓÄ»ΓÄ»ΓÄ»ΓÄ»ΓÄ»ΓÄ»ΓÄ»ΓÄ»Γ
Ä»[2/8]ΓÄ»[22m[39m

[31m[1m[7m FAIL [27m[22m[39m 
src/components/__tests__/SubscriptionPlan.test.jsx [2m[ 
src/components/__tests__/SubscriptionPlan.test.jsx ][22m
[31m[1mError[22m: Failed to resolve import "../SubscriptionPlan.jsx" from 
"src\components\__tests__\SubscriptionPlan.test.jsx". Does the file exist?[39m
[90m [2mΓ¥»[22m formatError 
node_modules/vite/dist/node/chunks/dep-827b23df.js:[2m44066:46[22m[39m
[90m [2mΓ¥»[22m TransformContext.error 
node_modules/vite/dist/node/chunks/dep-827b23df.js:[2m44062:19[22m[39m
[90m [2mΓ¥»[22m normalizeUrl 
node_modules/vite/dist/node/chunks/dep-827b23df.js:[2m41845:33[22m[39m
[90m [2mΓ¥»[22m async file:/C:/Users/hagoo/Desktop/MainBranch/medspasync-fro
ntend-master/node_modules/vite/dist/node/chunks/dep-827b23df.js:[2m41999:47[2
2m[39m
[90m [2mΓ¥»[22m TransformContext.transform 
node_modules/vite/dist/node/chunks/dep-827b23df.js:[2m41915:13[22m[39m
[90m [2mΓ¥»[22m Object.transform 
node_modules/vite/dist/node/chunks/dep-827b23df.js:[2m44356:30[22m[39m
[90m [2mΓ¥»[22m loadAndTransform 
node_modules/vite/dist/node/chunks/dep-827b23df.js:[2m55088:29[22m[39m

[31m[2mΓÄ»ΓÄ»ΓÄ»ΓÄ»ΓÄ»ΓÄ»ΓÄ»ΓÄ»ΓÄ»ΓÄ»ΓÄ»ΓÄ»ΓÄ»ΓÄ»ΓÄ»ΓÄ»ΓÄ»ΓÄ»ΓÄ»ΓÄ»ΓÄ»ΓÄ»ΓÄ»Γ
Ä»[3/8]ΓÄ»[22m[39m

[31m[1m[7m FAIL [27m[22m[39m 
src/components/reconciliation/__tests__/ResultsDashboard.test.jsx [2m[ 
src/components/reconciliation/__tests__/ResultsDashboard.test.jsx ][22m
[31m[1mReferenceError[22m: expect is not defined[39m
[90m [2mΓ¥»[22m 
../node_modules/@testing-library/jest-dom/dist/index.mjs:[2m10:1[22m[39m
[36m [2mΓ¥»[22m src/components/reconciliation/__tests__/ResultsDashboard.tes
t.jsx:[2m4:31[22m[39m
    [90m  2| [39mimport { render, screen } from '@testing-library/react';
    [90m  3| [39mimport '@testing-library/jest-dom';
    [90m  4| [39mimport ResultsDashboard from '../ResultsDashboard.jsx';
    [90m   | [39m                              [31m^[39m
    [90m  5| [39m
    [90m  6| [39mconst results = {

[31m[2mΓÄ»ΓÄ»ΓÄ»ΓÄ»ΓÄ»ΓÄ»ΓÄ»ΓÄ»ΓÄ»ΓÄ»ΓÄ»ΓÄ»ΓÄ»ΓÄ»ΓÄ»ΓÄ»ΓÄ»ΓÄ»ΓÄ»ΓÄ»ΓÄ»ΓÄ»ΓÄ»Γ
Ä»[4/8]ΓÄ»[22m[39m

[31mΓÄ»ΓÄ»ΓÄ»ΓÄ»ΓÄ»ΓÄ»ΓÄ»[1m[7m Failed Tests 4 
[27m[22mΓÄ»ΓÄ»ΓÄ»ΓÄ»ΓÄ»ΓÄ»ΓÄ»[39m

[31m[1m[7m FAIL [27m[22m[39m __tests__/404.test.js[2m > 
[22m404.html[2m > [22mexists in project root and matches index.html content
[31m[1mAssertionError[22m: expected '<!DOCTYPE html>\r\n<html 
lang="en">\rΓÇª' to be '<!DOCTYPE html>\r\n<html lang="en">\rΓÇª' // Object.is 
equality[39m

[32m- Expected[39m
[31m+ Received[39m

[2m  <!DOCTYPE html>
[22m
[2m  <html lang="en">
[22m
[2m    <head>
[22m
[2m      <meta charset="utf-8" />
[22m
[32m-     <link rel="icon" type="image/x-icon" href="/favicon.ico" />
[39m
[31m+     <link rel="icon" href="/favicon.ico" />
[39m
[2m      <meta name="viewport" content="width=device-width, initial-scale=1" 
/>
[22m
[2m      <meta name="theme-color" content="#000000" />
[22m
[2m      <meta name="description" content="MedSpaSync Pro - Medical Spa 
Management Platform" />
[22m
[2m      <meta
[22m
[2m        http-equiv="Content-Security-Policy"
[22m
[2m        content="default-src 'self'; script-src 'self' 'unsafe-inline' 
https://unpkg.com https://cdnjs.cloudflare.com; style-src 'self' 
'unsafe-inline'; font-src 'self'; img-src 'self' data: 
https://status.medspasyncpro.com; connect-src 'self' 
https://api.medspasyncpro.com https://status.medspasyncpro.com; object-src 
'none'; base-uri 'self';"
[22m
[2m      />
[22m
[2m      <style>
[22m
[2m        @font-face {
[22m
[2m          font-display: swap;
[22m
[2m          font-family: 'Inter';
[22m
[2m          font-style: normal;
[22m
[2m          font-weight: 400;
[22m
[2m          src: url('/fonts/inter-v19-latin-regular.woff2') format('woff2');
[22m
[2m        }
[22m
[2m        @font-face {
[22m
[2m          font-display: swap;
[22m
[2m          font-family: 'Inter';
[22m
[2m          font-style: normal;
[22m
[2m          font-weight: 500;
[22m
[2m          src: url('/fonts/inter-v19-latin-500.woff2') format('woff2');
[22m
[2m        }
[22m
[2m        @font-face {
[22m
[2m          font-display: swap;
[22m
[2m          font-family: 'Inter';
[22m
[2m          font-style: normal;
[22m
[2m          font-weight: 600;
[22m
[2m          src: url('/fonts/inter-v19-latin-600.woff2') format('woff2');
[22m
[2m        }
[22m
[2m        @font-face {
[22m
[2m          font-display: swap;
[22m
[2m          font-family: 'Inter';
[22m
[2m          font-style: normal;
[22m
[2m          font-weight: 700;
[22m
[2m          src: url('/fonts/inter-v19-latin-700.woff2') format('woff2');
[22m
[2m        }
[22m
[2m        @font-face {
[22m
[2m          font-display: swap;
[22m
[2m          font-family: 'Inter';
[22m
[2m          font-style: normal;
[22m
[2m          font-weight: 800;
[22m
[2m          src: url('/fonts/inter-v19-latin-800.woff2') format('woff2');
[22m
[2m        }
[22m
[2m  
[22m
[2m        body {
[22m
[2m          font-family: 'Inter', -apple-system, BlinkMacSystemFont, 'Segoe 
UI', 'Roboto', sans-serif;
[22m
[2m        }
[22m
[2m  
[22m
[2m        /* Visibility Controls */
[22m
[2m        .hidden-element { display: none !important; }
[22m
[2m        .visible-element { display: block; }
[22m
[2m        .visible-inline { display: inline; }
[22m
[2m        .visible-flex { display: flex; }
[22m
[2m        .invisible-element { visibility: hidden; }
[22m
[2m  
[22m
[2m        /* Focus Management */
[22m
[2m        .focus-outline { outline: 2px solid #3b82f6; outline-offset: 2px; }
[22m
[2m        .focus-visible { outline: 2px solid #059669; outline-offset: 2px; }
[22m
[2m  
[22m
[2m        /* State Classes */
[22m
[2m        .error-state { border-color: #ef4444 !important; background-color: 
#fef2f2; color: #dc2626; }
[22m
[2m        .success-state { border-color: #10b981 !important; 
background-color: #f0fdf4; color: #059669; }
[22m
[2m        .warning-state { border-color: #f59e0b !important; 
background-color: #fffbeb; color: #d97706; }
[22m
[2m        .loading-state { opacity: 0.7; pointer-events: none; cursor: wait; 
}
[22m
[2m        .disabled-state { opacity: 0.5; pointer-events: none; cursor: 
not-allowed; }
[22m
[2m  
[22m
[2m        /* Spinner Animations */
[22m
[2m        .spinner-small { width: 16px; height: 16px; border: 2px solid 
#e5e7eb; border-top-color: #059669; border-radius: 50%; animation: spin 1s 
linear infinite; }
[22m
[2m        .spinner-medium { width: 24px; height: 24px; border: 3px solid 
#e5e7eb; border-top-color: #059669; border-radius: 50%; animation: spin 1s 
linear infinite; }
[22m
[2m        .spinner-large { width: 32px; height: 32px; border: 4px solid 
#e5e7eb; border-top-color: #059669; border-radius: 50%; animation: spin 1s 
linear infinite; }
[22m
[2m  
[22m
[2m        @keyframes spin { from { transform: rotate(0deg); } to { 
transform: rotate(360deg); } }
[22m
[2m  
[22m
[2m        /* Animation Classes */
[22m
[2m        .fade-in { opacity: 0; animation: fadeIn 0.3s ease forwards; }
[22m
[2m        .fade-out { animation: fadeOut 0.3s ease forwards; }
[22m
[2m        .slide-in-right { transform: translateX(100%); animation: 
slideInRight 0.3s ease forwards; }
[22m
[2m  
[22m
[2m        @keyframes fadeIn { from { opacity: 0; } to { opacity: 1; } }
[22m
[2m        @keyframes fadeOut { from { opacity: 1; } to { opacity: 0; } }
[22m
[2m        @keyframes slideInRight { from { transform: translateX(100%); } to 
{ transform: translateX(0); } }
[22m
[2m  
[22m
[2m        @media (prefers-reduced-motion: reduce) {
[22m
[2m          .spinner-small, .spinner-medium, .spinner-large,
[22m
[2m          .fade-in, .fade-out, .slide-in-right {
[22m
[2m            animation: none !important;
[22m
[2m            transition: none !important;
[22m
[2m          }
[22m
[2m        }
[22m
[2m Test Files [22m [1m[31m7 failed[39m[22m[2m | [22m[1m[32m5 passed[39m[22m[90m (12)[39m
[2m      Tests [22m [1m[31m4 failed[39m[22m[2m | [22m[1m[32m14 passed[39m[22m[90m (18)[39m
[2m   Start at [22m 01:47:40
[2m   Duration [22m 6.49s[2m (transform 218ms, setup 3.09s, collect 1.08s, tests 133ms, environment 12.94s, prepare 3.63s)[22m

[2m      </style>
[22m
[2m      <link rel="apple-touch-icon" href="/logo192.png" />
[22m
[2m      
[22m
[2m      <title>MedSpaSync Pro - Medical Spa Management Platform</title>
[22m
[2m    </head>
[22m
[2m    <body>
[22m
[2m      <script>
[22m
[2m        if (
[22m
[2m          localStorage.getItem('darkMode') === 'true' ||
[22m
[2m          (!localStorage.getItem('darkMode') &&
[22m
[2m            window.matchMedia('(prefers-color-scheme: dark)').matches)
[22m
[2m        ) {
[22m
[2m          document.documentElement.classList.add('dark');
[22m
[2m        }
[22m
[2m      </script>
[22m
[2m      <noscript>You need to enable JavaScript to run this app.</noscript>
[22m
[2m      <div id="root"></div>
[22m
[2m      <div id="modal-root"></div>
[22m
[2m      <script type="module" src="/src/main.jsx"></script>
[22m
[2m    </body>
[22m
[2m  </html>[22m

[36m [2mΓ¥»[22m __tests__/404.test.js:[2m15:33[22m[39m
    [90m 13| [39m    const indexHtml = fs.readFileSync(indexPath, 'utf8');
    [90m 14| [39m    const notFoundHtml = fs.readFileSync(notFoundPath, 
'utf8');
    [90m 15| [39m    expect(notFoundHtml.trim()).toBe(indexHtml.trim());
    [90m   | [39m                                [31m^[39m
    [90m 16| [39m  });
    [90m 17| [39m});

[31m[2mΓÄ»ΓÄ»ΓÄ»ΓÄ»ΓÄ»ΓÄ»ΓÄ»ΓÄ»ΓÄ»ΓÄ»ΓÄ»ΓÄ»ΓÄ»ΓÄ»ΓÄ»ΓÄ»ΓÄ»ΓÄ»ΓÄ»ΓÄ»ΓÄ»ΓÄ»ΓÄ»Γ
Ä»[5/8]ΓÄ»[22m[39m

[31m[1m[7m FAIL [27m[22m[39m __tests__/CorrectionModal.test.jsx[2m > 
[22mCorrection feedback flow[2m > [22msubmits feedback and shows toast
[31m[1mTypeError[22m: Cannot read properties of null (reading 
'useState')[39m
[90m [2mΓ¥»[22m Proxy.useState 
node_modules/react/cjs/react.development.js:[2m1622:21[22m[39m
[36m [2mΓ¥»[22m CorrectionForm 
src/pages/ReconciliationAI/CorrectionForm.jsx:[2m6:27[22m[39m
    [90m  4| [39m
    [90m  5| [39mconst CorrectionForm = ({ matchId }) => {
    [90m  6| [39m  const [open, setOpen] = useState(false);
    [90m   | [39m                          [31m^[39m
    [90m  7| [39m
    [90m  8| [39m  const handleSubmit = async (text) => {
[90m [2mΓ¥»[22m renderWithHooks 
../node_modules/react-dom/cjs/react-dom.development.js:[2m15486:18[22m[39m
[90m [2mΓ¥»[22m mountIndeterminateComponent 
../node_modules/react-dom/cjs/react-dom.development.js:[2m20103:13[22m[39m
[90m [2mΓ¥»[22m beginWork 
../node_modules/react-dom/cjs/react-dom.development.js:[2m21626:16[22m[39m
[90m [2mΓ¥»[22m beginWork$1 
../node_modules/react-dom/cjs/react-dom.development.js:[2m27465:14[22m[39m
[90m [2mΓ¥»[22m performUnitOfWork 
../node_modules/react-dom/cjs/react-dom.development.js:[2m26599:12[22m[39m
[90m [2mΓ¥»[22m workLoopSync 
../node_modules/react-dom/cjs/react-dom.development.js:[2m26505:5[22m[39m
[90m [2mΓ¥»[22m renderRootSync 
../node_modules/react-dom/cjs/react-dom.development.js:[2m26473:7[22m[39m
[90m [2mΓ¥»[22m recoverFromConcurrentError 
../node_modules/react-dom/cjs/react-dom.development.js:[2m25889:20[22m[39m

[31m[2mΓÄ»ΓÄ»ΓÄ»ΓÄ»ΓÄ»ΓÄ»ΓÄ»ΓÄ»ΓÄ»ΓÄ»ΓÄ»ΓÄ»ΓÄ»ΓÄ»ΓÄ»ΓÄ»ΓÄ»ΓÄ»ΓÄ»ΓÄ»ΓÄ»ΓÄ»ΓÄ»Γ
Ä»[6/8]ΓÄ»[22m[39m

[31m[1m[7m FAIL [27m[22m[39m 
src/components/reconciliation/__tests__/TransactionUploader.test.jsx[2m > 
[22mTransactionUploader[2m > [22mshows error for invalid file type
[31m[1m[7m FAIL [27m[22m[39m 
src/components/reconciliation/__tests__/TransactionUploader.test.jsx[2m > 
[22mTransactionUploader[2m > [22mcalls onFilesUploaded with files
[31m[1mTypeError[22m: Cannot read properties of null (reading 
'useState')[39m
[90m [2mΓ¥»[22m Proxy.useState 
node_modules/react/cjs/react.development.js:[2m1622:21[22m[39m
[36m [2mΓ¥»[22m TransactionUploader 
src/components/reconciliation/TransactionUploader.jsx:[2m5:29[22m[39m
    [90m  3| [39m
    [90m  4| [39mexport default function TransactionUploader({ 
onFilesUploaded, isProceΓÇª
    [90m  5| [39m  const [files, setFiles] = useState({});
    [90m   | [39m                            [31m^[39m
    [90m  6| [39m  const [previews, setPreviews] = useState({});
    [90m  7| [39m  const [errors, setErrors] = useState({});
[90m [2mΓ¥»[22m renderWithHooks 
../node_modules/react-dom/cjs/react-dom.development.js:[2m15486:18[22m[39m
[90m [2mΓ¥»[22m mountIndeterminateComponent 
../node_modules/react-dom/cjs/react-dom.development.js:[2m20103:13[22m[39m
[90m [2mΓ¥»[22m beginWork 
../node_modules/react-dom/cjs/react-dom.development.js:[2m21626:16[22m[39m
[90m [2mΓ¥»[22m beginWork$1 
../node_modules/react-dom/cjs/react-dom.development.js:[2m27465:14[22m[39m
[90m [2mΓ¥»[22m performUnitOfWork 
../node_modules/react-dom/cjs/react-dom.development.js:[2m26599:12[22m[39m
[90m [2mΓ¥»[22m workLoopSync 
../node_modules/react-dom/cjs/react-dom.development.js:[2m26505:5[22m[39m
[90m [2mΓ¥»[22m renderRootSync 
../node_modules/react-dom/cjs/react-dom.development.js:[2m26473:7[22m[39m
[90m [2mΓ¥»[22m recoverFromConcurrentError 
../node_modules/react-dom/cjs/react-dom.development.js:[2m25889:20[22m[39m

[31m[2mΓÄ»ΓÄ»ΓÄ»ΓÄ»ΓÄ»ΓÄ»ΓÄ»ΓÄ»ΓÄ»ΓÄ»ΓÄ»ΓÄ»ΓÄ»ΓÄ»ΓÄ»ΓÄ»ΓÄ»ΓÄ»ΓÄ»ΓÄ»ΓÄ»ΓÄ»ΓÄ»Γ
Ä»[7/8]ΓÄ»[22m[39m

